{
  "$Object": {
    "A": "a",
    "B": 1,
    "C": true,
    "D": {
      "$Time": "*time*"
    }
  }
}
