[
  {
    "$Object": {
      "A": "1",
      "B": 0,
      "C": false
    }
  },
  {
    "$Object": {
      "A": "",
      "B": 2,
      "C": false
    }
  },
  {
    "$Object": {
      "A": "",
      "B": 0,
      "C": true
    }
  }
]