{
  "bool": false,
  "int": 2,
  "string": "1",
  "time": {
    "$Time": "2020-11-26 00:00:00 +0000 UTC"
  }
}