{
  "$Object": {
    "A": "",
    "B": 0,
    "C": false
  }
}