{
  "Created": "$Time",
  "ID": 1,
  "Name": "job1"
}