[
  {
    "$Object": {
      "A": "$string",
      "B": "$int",
      "C": "$bool"
    }
  },
  {
    "$Object": {
      "A": "$string",
      "B": "$int",
      "C": "$bool"
    }
  },
  {
    "$Object": {
      "A": "$string",
      "B": "$int",
      "C": "$bool"
    }
  }
]