{
  "bool": "$bool",
  "int": "$int",
  "string": "$string",
  "time": "$Time"
}