{
  "$Object": {
    "A": "$string",
    "B": "$int",
    "C": "$bool"
  }
}